#-----------------------------------------------------------
# Vivado v2025.1 (64-bit)
# SW Build 6140274 on Thu May 22 00:12:29 MDT 2025
# IP Build 6138677 on Thu May 22 03:10:11 MDT 2025
# SharedData Build 6139179 on Tue May 20 17:58:58 MDT 2025
# Start of session at: Wed Apr  8 12:29:31 2026
# Process ID         : 1900
# Current directory  : C:/Users/ist21005/Documents/GS_Vivado/AES_Block/AES_Block.runs/synth_1
# Command line       : vivado.exe -log top_aes_gcm.vds -product Vivado -mode batch -messageDb vivado.pb -notrace -source top_aes_gcm.tcl
# Log file           : C:/Users/ist21005/Documents/GS_Vivado/AES_Block/AES_Block.runs/synth_1/top_aes_gcm.vds
# Journal file       : C:/Users/ist21005/Documents/GS_Vivado/AES_Block/AES_Block.runs/synth_1\vivado.jou
# Running On         : SDP2635
# Platform           : Windows Server 2016 or Windows 10
# Operating System   : 26200
# Processor Detail   : 12th Gen Intel(R) Core(TM) i7-12700
# CPU Frequency      : 2112 MHz
# CPU Physical cores : 12
# CPU Logical cores  : 20
# Host memory        : 16853 MB
# Swap memory        : 24683 MB
# Total Virtual      : 41536 MB
# Available Virtual  : 21459 MB
#-----------------------------------------------------------
source top_aes_gcm.tcl -notrace
